// Jest Snapshot v1, https://goo.gl/fbAQLP

exports[`matches snapshot 1`] = `
<div>
  <div
    class="row d-flex justify-content-center"
  >
    <div
      class="col-md-7"
    >
      <br />
      <table
        class="table table-hover "
        className="MuiTable-root"
      >
        <thead
          class="table-active"
          className="MuiTableHead-root"
        >
          <tr
            class="table-active"
            className="MuiTableRow-root MuiTableRow-head"
          >
            <th
              aria-sort={null}
              class="text text-success text-center"
              className="MuiTableCell-root MuiTableCell-head MuiTableCell-alignCenter"
              colSpan="5"
              scope="col"
            >
              Requested appointment
            </th>
          </tr>
          <tr
            class="table-active"
            className="MuiTableRow-root MuiTableRow-head"
          >
            <th
              aria-sort={null}
              class="text-success cursor-pointer"
              className="MuiTableCell-root MuiTableCell-head"
              scope="col"
            >
              date and time
            </th>
            <th
              aria-sort={null}
              class="text-success cursor-pointer"
              className="MuiTableCell-root MuiTableCell-head"
              scope="col"
            >
              procedure
            </th>
            <th
              aria-sort={null}
              class="text-success cursor-pointer"
              className="MuiTableCell-root MuiTableCell-head"
              scope="col"
            >
              doctor
            </th>
            <th
              aria-sort={null}
              class="text-success cursor-pointer"
              className="MuiTableCell-root MuiTableCell-head"
              scope="col"
            >
              nurse
            </th>
            <th
              aria-sort={null}
              class="text-success cursor-pointer"
              className="MuiTableCell-root MuiTableCell-head"
              scope="col"
            >
              patient
            </th>
          </tr>
        </thead>
        <tbody
          className="MuiTableBody-root"
        >
          <td
            aria-sort={null}
            class="text text-white"
            className="MuiTableCell-root MuiTableCell-body"
          >
            
          </td>
          <td
            aria-sort={null}
            class="text text-white"
            className="MuiTableCell-root MuiTableCell-body"
          >
            
             
            
             H
          </td>
          <td
            aria-sort={null}
            class="text text-white"
            className="MuiTableCell-root MuiTableCell-body"
          >
            
          </td>
          <td
            aria-sort={null}
            class="text text-white"
            className="MuiTableCell-root MuiTableCell-body"
          >
            
          </td>
          <td
            aria-sort={null}
            class="text text-white"
            className="MuiTableCell-root MuiTableCell-body"
          >
            
          </td>
        </tbody>
      </table>
    </div>
  </div>
  <div
    class="row d-flex justify-content-center"
  >
    <div
      class="col-md-7"
    >
      <h4>
        List of rooms
      </h4>
      <br />
      <table
        class="table table-hover "
        className="MuiTable-root"
      >
        <thead
          class="table-active"
          className="MuiTableHead-root"
        >
          <tr
            class="table-active"
            className="MuiTableRow-root MuiTableRow-head"
          >
            <th
              aria-sort={null}
              class="text-success cursor-pointer"
              className="MuiTableCell-root MuiTableCell-head"
              onClick={[Function]}
              scope="col"
            >
              room name
              
            </th>
            <th
              aria-sort={null}
              class="text-success cursor-pointer"
              className="MuiTableCell-root MuiTableCell-head"
              onClick={[Function]}
              scope="col"
            >
              number
              
            </th>
            <th
              aria-sort={null}
              class="text-success cursor-pointer"
              className="MuiTableCell-root MuiTableCell-head"
              onClick={[Function]}
              scope="col"
            >
              first free date
              
            </th>
            <th
              aria-sort={null}
              class="text-success"
              className="MuiTableCell-root MuiTableCell-head"
              scope="col"
            >
              <button
                class="btn btn-success"
                className="btn btn-primary"
                disabled={false}
                onClick={[Function]}
                type="button"
              >
                show all
              </button>
            </th>
            <th
              aria-sort={null}
              class="text-success"
              className="MuiTableCell-root MuiTableCell-head"
              scope="col"
            >
              <button
                class="btn btn-success"
                className="btn btn-primary"
                disabled={false}
                onClick={[Function]}
                type="button"
              >
                search
              </button>
            </th>
          </tr>
        </thead>
        <tbody
          className="MuiTableBody-root"
        />
      </table>
    </div>
  </div>
</div>
`;
