// Jest Snapshot v1, https://goo.gl/fbAQLP

exports[`matches snapshot 1`] = `
<div
  class="row d-flex justify-content-center"
>
  <div
    class="col-md-7"
  >
    <h4>
      List of rooms
    </h4>
    <br />
    <table
      class="table table-hover "
      className="MuiTable-root"
    >
      <thead
        class="table-active"
        className="MuiTableHead-root"
      >
        <tr
          class="table-active"
          className="MuiTableRow-root MuiTableRow-head"
        >
          <th
            aria-sort={null}
            class="text-success cursor-pointer"
            className="MuiTableCell-root MuiTableCell-head"
            onClick={[Function]}
            scope="col"
          >
            room name
            
          </th>
          <th
            aria-sort={null}
            class="text-success cursor-pointer"
            className="MuiTableCell-root MuiTableCell-head"
            onClick={[Function]}
            scope="col"
          >
            number
            
          </th>
          <th
            aria-sort={null}
            class="text-success cursor-pointer"
            className="MuiTableCell-root MuiTableCell-head"
            onClick={[Function]}
            scope="col"
          >
            first free date
            
          </th>
          <th
            aria-sort={null}
            class="text-success"
            className="MuiTableCell-root MuiTableCell-head"
            scope="col"
          >
            <button
              class="btn btn-success"
              className="btn btn-primary"
              disabled={false}
              onClick={[Function]}
              type="button"
            >
              show all
            </button>
          </th>
          <th
            aria-sort={null}
            className="MuiTableCell-root MuiTableCell-head"
            scope="col"
          >
            <button
              className="btn btn-primary"
              data-testid="searchButton"
              disabled={false}
              onClick={[Function]}
              type="button"
            >
              search
            </button>
          </th>
        </tr>
      </thead>
      <tbody
        className="MuiTableBody-root"
      />
    </table>
  </div>
</div>
`;
